
Memory Configuration

Name             Origin             Length             Attributes
flash            0x08000000         0x00020000         xr
sram             0x20000000         0x00005000         xrw
*default*        0x00000000         0xffffffff

Linker script and memory map


.text           0x08000000      0x194
 *(.vectors*)
 .vectors       0x08000000       0x10 startup.o
                0x08000000                g_p_fn_vectors
 *(.text*)
 .text          0x08000010       0xf4 main.o
                0x08000010                main
 .text          0x08000104       0x90 startup.o
                0x08000104                Reset_Handler
                0x08000188                Default_Handler
                0x08000188                H_fault_Handler
                0x08000188                NMI_Handler
 *(.rodata)
                0x08000194                        _E_text = .

.glue_7         0x08000194        0x0
 .glue_7        0x08000194        0x0 linker stubs

.glue_7t        0x08000194        0x0
 .glue_7t       0x08000194        0x0 linker stubs

.vfp11_veneer   0x08000194        0x0
 .vfp11_veneer  0x08000194        0x0 linker stubs

.v4_bx          0x08000194        0x0
 .v4_bx         0x08000194        0x0 linker stubs

.iplt           0x08000194        0x0
 .iplt          0x08000194        0x0 startup.o

.rel.dyn        0x08000194        0x0
 .rel.iplt      0x08000194        0x0 startup.o

.data           0x20000000        0x0 load address 0x08000194
                0x20000000                        _S_data = .
 *(.data)
 .data          0x20000000        0x0 main.o
 .data          0x20000000        0x0 startup.o
                0x20000000                        . = ALIGN (0x4)
                0x20000000                        _E_data = .

.igot.plt       0x20000000        0x0 load address 0x08000194
 .igot.plt      0x20000000        0x0 startup.o

.bss            0x20000000      0x800 load address 0x08000194
                0x20000000                        _S_bss = .
 *(.bss*)
 .bss           0x20000000        0x0 main.o
 .bss           0x20000000      0x800 startup.o
                0x20000800                        . = ALIGN (0x4)
                0x20000800                        _E_bss = .
LOAD main.o
LOAD startup.o
OUTPUT(unit3_lab4_cortex4.elf elf32-littlearm)
LOAD linker stubs

.comment        0x00000000       0x55
 .comment       0x00000000       0x55 main.o
                                 0x56 (size before relaxing)
 .comment       0x00000055       0x56 startup.o

.ARM.attributes
                0x00000000       0x30
 .ARM.attributes
                0x00000000       0x2c main.o
 .ARM.attributes
                0x0000002c       0x2e startup.o

.debug_info     0x00000000      0x1af
 .debug_info    0x00000000      0x1af startup.o

.debug_abbrev   0x00000000       0xe7
 .debug_abbrev  0x00000000       0xe7 startup.o

.debug_loc      0x00000000       0x7c
 .debug_loc     0x00000000       0x7c startup.o

.debug_aranges  0x00000000       0x20
 .debug_aranges
                0x00000000       0x20 startup.o

.debug_line     0x00000000       0xab
 .debug_line    0x00000000       0xab startup.o

.debug_str      0x00000000      0x16f
 .debug_str     0x00000000      0x16f startup.o
                                0x1a3 (size before relaxing)

.debug_frame    0x00000000       0x50
 .debug_frame   0x00000000       0x50 startup.o
