
Memory Configuration

Name             Origin             Length             Attributes
flash            0x08000000         0x00020000         xr
sram             0x20000000         0x00005000         xrw
*default*        0x00000000         0xffffffff

Linker script and memory map


.text           0x08000000      0x10c
 *(.vectors*)
 .vectors       0x08000000       0x10 startup.o
 .vectors       0x08000010       0x10 startup.o
 *(.text*)
 .text          0x08000020       0xd4 main.o
                0x08000020                main
 .text          0x080000f4        0xc startup.o
 .text          0x08000100        0xc startup.o
 *(.rodata)

.glue_7         0x0800010c        0x0
 .glue_7        0x0800010c        0x0 linker stubs

.glue_7t        0x0800010c        0x0
 .glue_7t       0x0800010c        0x0 linker stubs

.vfp11_veneer   0x0800010c        0x0
 .vfp11_veneer  0x0800010c        0x0 linker stubs

.v4_bx          0x0800010c        0x0
 .v4_bx         0x0800010c        0x0 linker stubs

.iplt           0x0800010c        0x0
 .iplt          0x0800010c        0x0 startup.o

.rel.dyn        0x0800010c        0x0
 .rel.iplt      0x0800010c        0x0 startup.o

.data           0x0800010c        0x0
 *(.data*)
 .data          0x0800010c        0x0 main.o
 .data          0x0800010c        0x0 startup.o
 .data          0x0800010c        0x0 startup.o

.igot.plt       0x0800010c        0x0
 .igot.plt      0x0800010c        0x0 startup.o

.bss            0x20000000        0x0
 *(.bss)
 .bss           0x20000000        0x0 main.o
 .bss           0x20000000        0x0 startup.o
 .bss           0x20000000        0x0 startup.o
LOAD main.o
LOAD startup.o
LOAD startup.o
OUTPUT(learn-in-depth.elf elf32-littlearm)
LOAD linker stubs

.comment        0x00000000       0x55
 .comment       0x00000000       0x55 main.o
                                 0x56 (size before relaxing)

.ARM.attributes
                0x00000000       0x2a
 .ARM.attributes
                0x00000000       0x2c main.o
 .ARM.attributes
                0x0000002c       0x22 startup.o
 .ARM.attributes
                0x0000004e       0x22 startup.o

.debug_line     0x00000000       0x76
 .debug_line    0x00000000       0x3b startup.o
 .debug_line    0x0000003b       0x3b startup.o

.debug_info     0x00000000       0x4c
 .debug_info    0x00000000       0x26 startup.o
 .debug_info    0x00000026       0x26 startup.o

.debug_abbrev   0x00000000       0x28
 .debug_abbrev  0x00000000       0x14 startup.o
 .debug_abbrev  0x00000014       0x14 startup.o

.debug_aranges  0x00000000       0x40
 .debug_aranges
                0x00000000       0x20 startup.o
 .debug_aranges
                0x00000020       0x20 startup.o

.debug_str      0x00000000       0x4c
 .debug_str     0x00000000       0x4c startup.o
 .debug_str     0x0000004c       0x4c startup.o
