
Memory Configuration

Name             Origin             Length             Attributes
Mem              0x00000000         0x04000000         xrw
*default*        0x00000000         0xffffffff

Linker script and memory map

                0x00010000                        . = 0x10000

.startup        0x00010000       0x10
 startup.o(.text)
 .text          0x00010000       0x10 startup.o
                0x00010000                reset

.text           0x00010010       0x78
 *(.text)
 .text          0x00010010       0x20 APP.o
                0x00010010                main
 .text          0x00010030       0x58 UART.o
                0x00010030                Uart_Send_String
 *(.rodata)

.glue_7         0x00010088        0x0
 .glue_7        0x00010088        0x0 linker stubs

.glue_7t        0x00010088        0x0
 .glue_7t       0x00010088        0x0 linker stubs

.vfp11_veneer   0x00010088        0x0
 .vfp11_veneer  0x00010088        0x0 linker stubs

.v4_bx          0x00010088        0x0
 .v4_bx         0x00010088        0x0 linker stubs

.iplt           0x00010088        0x0
 .iplt          0x00010088        0x0 startup.o

.rel.dyn        0x00010088        0x0
 .rel.iplt      0x00010088        0x0 startup.o

.data           0x00010088       0x64
 *(.data)
 .data          0x00010088        0x0 startup.o
 .data          0x00010088       0x64 APP.o
                0x00010088                string_buffer
 .data          0x000100ec        0x0 UART.o

.igot.plt       0x000100ec        0x0
 .igot.plt      0x000100ec        0x0 startup.o

.bss            0x000100ec        0x0
 *(.bss)
 .bss           0x000100ec        0x0 startup.o
 .bss           0x000100ec        0x0 APP.o
 .bss           0x000100ec        0x0 UART.o
 *(COMMON)
                0x000110ec                        . = (. + 0x1000)
                0x000110ec                        stack_top = .
LOAD startup.o
LOAD APP.o
LOAD UART.o
OUTPUT(learn-in-depth.elf elf32-littlearm)
LOAD linker stubs

.ARM.attributes
                0x00000000       0x2e
 .ARM.attributes
                0x00000000       0x22 startup.o
 .ARM.attributes
                0x00000022       0x2c APP.o
 .ARM.attributes
                0x0000004e       0x2c UART.o

.comment        0x00000000       0x55
 .comment       0x00000000       0x55 APP.o
                                 0x56 (size before relaxing)
 .comment       0x00000055       0x56 UART.o

.debug_line     0x00000000       0xcd
 .debug_line    0x00000000       0x3a startup.o
 .debug_line    0x0000003a       0x45 APP.o
 .debug_line    0x0000007f       0x4e UART.o

.debug_info     0x00000000      0x10c
 .debug_info    0x00000000       0x26 startup.o
 .debug_info    0x00000026       0x8c APP.o
 .debug_info    0x000000b2       0x5a UART.o

.debug_abbrev   0x00000000       0xf7
 .debug_abbrev  0x00000000       0x14 startup.o
 .debug_abbrev  0x00000014       0x8f APP.o
 .debug_abbrev  0x000000a3       0x54 UART.o

.debug_aranges  0x00000000       0x60
 .debug_aranges
                0x00000000       0x20 startup.o
 .debug_aranges
                0x00000020       0x20 APP.o
 .debug_aranges
                0x00000040       0x20 UART.o

.debug_str      0x00000000       0xe9
 .debug_str     0x00000000       0x3e startup.o
 .debug_str     0x0000003e       0x98 APP.o
                                 0xbe (size before relaxing)
 .debug_str     0x000000d6       0x13 UART.o
                                 0xab (size before relaxing)

.debug_frame    0x00000000       0x5c
 .debug_frame   0x00000000       0x2c APP.o
 .debug_frame   0x0000002c       0x30 UART.o
