
Memory Configuration

Name             Origin             Length             Attributes
flash            0x00000000         0x00020000         xr
sram             0x20000000         0x00005000         xrw
*default*        0x00000000         0xffffffff

Linker script and memory map


.text           0x00000000      0x12c
 *(.vectors*)
 .vectors       0x00000000       0x10 startup.o
                0x00000000                g_p_fn_vectors
 *(.text*)
 .text          0x00000010       0x8c main.o
                0x00000010                main
 .text          0x0000009c       0x90 startup.o
                0x0000009c                Reset_Handler
                0x00000120                Default_Handler
                0x00000120                H_fault_Handler
                0x00000120                NMI_Handler
 *(.rodata)
                0x0000012c                        _E_text = .

.glue_7         0x0000012c        0x0
 .glue_7        0x0000012c        0x0 linker stubs

.glue_7t        0x0000012c        0x0
 .glue_7t       0x0000012c        0x0 linker stubs

.vfp11_veneer   0x0000012c        0x0
 .vfp11_veneer  0x0000012c        0x0 linker stubs

.v4_bx          0x0000012c        0x0
 .v4_bx         0x0000012c        0x0 linker stubs

.iplt           0x0000012c        0x0
 .iplt          0x0000012c        0x0 startup.o

.rel.dyn        0x0000012c        0x0
 .rel.iplt      0x0000012c        0x0 startup.o

.data           0x20000000        0x0 load address 0x0000012c
                0x20000000                        _S_data = .
 *(.data)
 .data          0x20000000        0x0 main.o
 .data          0x20000000        0x0 startup.o
                0x20000000                        . = ALIGN (0x4)
                0x20000000                        _E_data = .

.igot.plt       0x20000000        0x0 load address 0x0000012c
 .igot.plt      0x20000000        0x0 startup.o

.bss            0x20000000      0x800 load address 0x0000012c
                0x20000000                        _S_bss = .
 *(.bss*)
 .bss           0x20000000        0x0 main.o
 .bss           0x20000000      0x800 startup.o
                0x20000800                        . = ALIGN (0x4)
                0x20000800                        _E_bss = .
LOAD main.o
LOAD startup.o
OUTPUT(unit3_lab4_cortex4.elf elf32-littlearm)
LOAD linker stubs

.debug_info     0x00000000      0x267
 .debug_info    0x00000000       0xb8 main.o
 .debug_info    0x000000b8      0x1af startup.o

.debug_abbrev   0x00000000      0x145
 .debug_abbrev  0x00000000       0x5e main.o
 .debug_abbrev  0x0000005e       0xe7 startup.o

.debug_loc      0x00000000       0xb4
 .debug_loc     0x00000000       0x38 main.o
 .debug_loc     0x00000038       0x7c startup.o

.debug_aranges  0x00000000       0x40
 .debug_aranges
                0x00000000       0x20 main.o
 .debug_aranges
                0x00000020       0x20 startup.o

.debug_line     0x00000000      0x140
 .debug_line    0x00000000       0x95 main.o
 .debug_line    0x00000095       0xab startup.o

.debug_str      0x00000000      0x194
 .debug_str     0x00000000      0x104 main.o
                                0x144 (size before relaxing)
 .debug_str     0x00000104       0x90 startup.o
                                0x1a3 (size before relaxing)

.comment        0x00000000       0x55
 .comment       0x00000000       0x55 main.o
                                 0x56 (size before relaxing)
 .comment       0x00000055       0x56 startup.o

.ARM.attributes
                0x00000000       0x2e
 .ARM.attributes
                0x00000000       0x2e main.o
 .ARM.attributes
                0x0000002e       0x2e startup.o

.debug_frame    0x00000000       0x7c
 .debug_frame   0x00000000       0x2c main.o
 .debug_frame   0x0000002c       0x50 startup.o
